// Jest Snapshot v1, https://goo.gl/fbAQLP

exports[`Pruebas GifExpertApp debe de mostrar <GifExpertApp /> correctamente 1`] = `
<Fragment>
  <h2>
    GifExpertApp
  </h2>
  <AddCategory
    setCategories={[Function]}
  />
  <hr />
  <div>
    <GifGrid
      category="one punch"
      key="one punch"
    />
  </div>
</Fragment>
`;
