// Jest Snapshot v1, https://goo.gl/fbAQLP

exports[`Pruebas en <GifGridItem /> debe de mostrar el componente correctamente 1`] = `
<div
  className="card animate__animated animated__fadeIn"
>
  <img
    alt="Hola mundo"
    src="https://holamundo.com"
  />
  <p>
    Hola mundo
  </p>
</div>
`;
